Archive member included to satisfy reference by file (symbol)

.\CortexM3\ARM_GCC_541\Debug\Servo Board.a(PWMA.o)
                              .\CortexM3\ARM_GCC_541\Debug\main.o (PWMA_WriteCompare1)
.\CortexM3\ARM_GCC_541\Debug\Servo Board.a(USBUART.o)
                              .\CortexM3\ARM_GCC_541\Debug\main.o (USBUART_GetConfiguration)
.\CortexM3\ARM_GCC_541\Debug\Servo Board.a(USBUART_cdc.o)
                              .\CortexM3\ARM_GCC_541\Debug\main.o (USBUART_CDC_Init)
.\CortexM3\ARM_GCC_541\Debug\Servo Board.a(USBUART_drv.o)
                              .\CortexM3\ARM_GCC_541\Debug\Servo Board.a(USBUART.o) (USBUART_lastPacketSize)
.\CortexM3\ARM_GCC_541\Debug\Servo Board.a(USBUART_episr.o)
                              .\CortexM3\ARM_GCC_541\Debug\Servo Board.a(USBUART.o) (USBUART_EP_1_ISR)
.\CortexM3\ARM_GCC_541\Debug\Servo Board.a(USBUART_hid.o)
                              .\CortexM3\ARM_GCC_541\Debug\Servo Board.a(USBUART.o) (USBUART_hidProtocol)
.\CortexM3\ARM_GCC_541\Debug\Servo Board.a(USBUART_pm.o)
                              .\CortexM3\ARM_GCC_541\Debug\Servo Board.a(USBUART.o) (USBUART_DP_ISR)
.\CortexM3\ARM_GCC_541\Debug\Servo Board.a(USBUART_std.o)
                              .\CortexM3\ARM_GCC_541\Debug\Servo Board.a(USBUART_pm.o) (USBUART_ConfigReg)
.\CortexM3\ARM_GCC_541\Debug\Servo Board.a(USBUART_vnd.o)
                              .\CortexM3\ARM_GCC_541\Debug\Servo Board.a(USBUART_drv.o) (USBUART_HandleVendorRqst)
.\CortexM3\ARM_GCC_541\Debug\Servo Board.a(USBUART_Dp.o)
                              .\CortexM3\ARM_GCC_541\Debug\Servo Board.a(USBUART.o) (USBUART_Dp_ClearInterrupt)
.\CortexM3\ARM_GCC_541\Debug\Servo Board.a(CyLib.o)
                              .\CortexM3\ARM_GCC_541\Debug\Cm3Start.o (CyHalt)
.\CortexM3\ARM_GCC_541\Debug\Servo Board.a(cyPm.o)
                              .\CortexM3\ARM_GCC_541\Debug\Servo Board.a(CyLib.o) (CyPmReadStatus)
.\CortexM3\ARM_GCC_541\Debug\Servo Board.a(CyBootAsmGnu.o)
                              .\CortexM3\ARM_GCC_541\Debug\cyfitter_cfg.o (CyDelayCycles)
.\CortexM3\ARM_GCC_541\Debug\Servo Board.a(CyScBoostClk.o)
                              .\CortexM3\ARM_GCC_541\Debug\Servo Board.a(CyLib.o) (CyScBoostClk_Start)
.\CortexM3\ARM_GCC_541\Debug\Servo Board.a(USBUART_cls.o)
                              .\CortexM3\ARM_GCC_541\Debug\Servo Board.a(USBUART_drv.o) (USBUART_DispatchClassRqst)
.\CortexM3\ARM_GCC_541\Debug\Servo Board.a(USBUART_descr.o)
                              .\CortexM3\ARM_GCC_541\Debug\Servo Board.a(USBUART_std.o) (USBUART_idSerialNumberStringDescriptor)
.\CortexM3\ARM_GCC_541\Debug\Servo Board.a(CyFlash.o)
                              .\CortexM3\ARM_GCC_541\Debug\Servo Board.a(cyPm.o) (CyFlash_SetWaitCycles)
.\CortexM3\ARM_GCC_541\Debug\Servo Board.a(CySpc.o)
                              .\CortexM3\ARM_GCC_541\Debug\Servo Board.a(CyFlash.o) (CySpcStart)
c:/program files (x86)/cypress/psoc creator/4.2/psoc creator/import/gnu/arm/5.4.1/bin/../lib/gcc/arm-none-eabi/5.4.1/armv7-m\libgcc.a(_arm_addsubdf3.o)
                              .\CortexM3\ARM_GCC_541\Debug\main.o (__aeabi_dadd)
c:/program files (x86)/cypress/psoc creator/4.2/psoc creator/import/gnu/arm/5.4.1/bin/../lib/gcc/arm-none-eabi/5.4.1/armv7-m\libgcc.a(_arm_muldivdf3.o)
                              .\CortexM3\ARM_GCC_541\Debug\main.o (__aeabi_dmul)
c:/program files (x86)/cypress/psoc creator/4.2/psoc creator/import/gnu/arm/5.4.1/bin/../lib/gcc/arm-none-eabi/5.4.1/armv7-m\libgcc.a(_arm_fixdfsi.o)
                              .\CortexM3\ARM_GCC_541\Debug\main.o (__aeabi_d2iz)
c:/program files (x86)/cypress/psoc creator/4.2/psoc creator/import/gnu/arm/5.4.1/bin/../lib/gcc/arm-none-eabi/5.4.1/../../../../arm-none-eabi/lib/armv7-m\libg_nano.a(lib_a-errno.o)
                              .\CortexM3\ARM_GCC_541\Debug\Cm3Start.o (__errno)
c:/program files (x86)/cypress/psoc creator/4.2/psoc creator/import/gnu/arm/5.4.1/bin/../lib/gcc/arm-none-eabi/5.4.1/../../../../arm-none-eabi/lib/armv7-m\libg_nano.a(lib_a-exit.o)
                              c:/program files (x86)/cypress/psoc creator/4.2/psoc creator/import/gnu/arm/5.4.1/bin/../lib/gcc/arm-none-eabi/5.4.1/../../../../arm-none-eabi/lib/armv7-m/crt0.o (exit)
c:/program files (x86)/cypress/psoc creator/4.2/psoc creator/import/gnu/arm/5.4.1/bin/../lib/gcc/arm-none-eabi/5.4.1/../../../../arm-none-eabi/lib/armv7-m\libg_nano.a(lib_a-impure.o)
                              c:/program files (x86)/cypress/psoc creator/4.2/psoc creator/import/gnu/arm/5.4.1/bin/../lib/gcc/arm-none-eabi/5.4.1/../../../../arm-none-eabi/lib/armv7-m\libg_nano.a(lib_a-exit.o) (_global_impure_ptr)
c:/program files (x86)/cypress/psoc creator/4.2/psoc creator/import/gnu/arm/5.4.1/bin/../lib/gcc/arm-none-eabi/5.4.1/../../../../arm-none-eabi/lib/armv7-m\libg_nano.a(lib_a-init.o)
[...]
Memory Configuration

Name             Origin             Length             Attributes
rom              0x00000000         0x00040000         xr
ram              0x1fff8000         0x00010000         xrw
*default*        0x00000000         0xffffffff

Linker script and memory map

LOAD c:/program files (x86)/cypress/psoc creator/4.2/psoc creator/import/gnu/arm/5.4.1/bin/../lib/gcc/arm-none-eabi/5.4.1/armv7-m/crti.o
LOAD c:/program files (x86)/cypress/psoc creator/4.2/psoc creator/import/gnu/arm/5.4.1/bin/../lib/gcc/arm-none-eabi/5.4.1/armv7-m/crtbegin.o
LOAD c:/program files (x86)/cypress/psoc creator/4.2/psoc creator/import/gnu/arm/5.4.1/bin/../lib/gcc/arm-none-eabi/5.4.1/../../../../arm-none-eabi/lib/armv7-m/crt0.o
START GROUP
LOAD .\CortexM3\ARM_GCC_541\Debug\main.o
LOAD .\CortexM3\ARM_GCC_541\Debug\cyfitter_cfg.o
LOAD .\CortexM3\ARM_GCC_541\Debug\cymetadata.o
LOAD .\CortexM3\ARM_GCC_541\Debug\Cm3Start.o
LOAD .\CortexM3\ARM_GCC_541\Debug\Servo Board.a
LOAD C:\Program Files (x86)\Cypress\PSoC Creator\4.2\PSoC Creator\psoc\content\cycomponentlibrary\CyComponentLibrary.cylib\CortexM3\ARM_GCC_541\Debug\CyComponentLibrary.a
END GROUP
START GROUP
LOAD c:/program files (x86)/cypress/psoc creator/4.2/psoc creator/import/gnu/arm/5.4.1/bin/../lib/gcc/arm-none-eabi/5.4.1/armv7-m\libgcc.a
LOAD c:/program files (x86)/cypress/psoc creator/4.2/psoc creator/import/gnu/arm/5.4.1/bin/../lib/gcc/arm-none-eabi/5.4.1/../../../../arm-none-eabi/lib/armv7-m\libg_nano.a
LOAD c:/program files (x86)/cypress/psoc creator/4.2/psoc creator/import/gnu/arm/5.4.1/bin/../lib/gcc/arm-none-eabi/5.4.1/../../../../arm-none-eabi/lib/armv7-m\libc_nano.a
END GROUP
START GROUP
LOAD c:/program files (x86)/cypress/psoc creator/4.2/psoc creator/import/gnu/arm/5.4.1/bin/../lib/gcc/arm-none-eabi/5.4.1/armv7-m\libgcc.a
LOAD c:/program files (x86)/cypress/psoc creator/4.2/psoc creator/import/gnu/arm/5.4.1/bin/../lib/gcc/arm-none-eabi/5.4.1/../../../../arm-none-eabi/lib/armv7-m\libc_nano.a
END GROUP
LOAD c:/program files (x86)/cypress/psoc creator/4.2/psoc creator/import/gnu/arm/5.4.1/bin/../lib/gcc/arm-none-eabi/5.4.1/armv7-m/crtend.o
LOAD c:/program files (x86)/cypress/psoc creator/4.2/psoc creator/import/gnu/arm/5.4.1/bin/../lib/gcc/arm-none-eabi/5.4.1/armv7-m/crtn.o
START GROUP
LOAD c:/program files (x86)/cypress/psoc creator/4.2/psoc creator/import/gnu/arm/5.4.1/bin/../lib/gcc/arm-none-eabi/5.4.1/armv7-m\libgcc.a
LOAD c:/program files (x86)/cypress/psoc creator/4.2/psoc creator/import/gnu/arm/5.4.1/bin/../lib/gcc/arm-none-eabi/5.4.1/../../../../arm-none-eabi/lib/armv7-m\libc.a
LOAD c:/program files (x86)/cypress/psoc creator/4.2/psoc creator/import/gnu/arm/5.4.1/bin/../lib/gcc/arm-none-eabi/5.4.1/../../../../arm-none-eabi/lib/armv7-m\libnosys.a
END GROUP
                0x00000000                CY_APPL_ORIGIN = 0x0
                0x00000100                CY_FLASH_ROW_SIZE = 0x100
                0x00000020                CY_ECC_ROW_SIZE = 0x20
                0x00000000                CY_EE_IN_BTLDR = 0x0
                0x00000000                CY_APPL_LOADABLE = 0x0
                0x00000800                CY_EE_SIZE = 0x800
                0x00000001                CY_APPL_NUM = 0x1
                0x00000001                CY_APPL_MAX = 0x1
                0x00000040                CY_METADATA_SIZE = 0x40
                0x00000000                CY_APPL_LOADABLE = 0x0
                0x00000000                CY_CHECKSUM_EXCLUDE_SIZE = ALIGN (0x0, CY_FLASH_ROW_SIZE)
                [!provide]                PROVIDE (__cy_heap_start, _end)
                0x00000001                PROVIDE (__cy_region_num, ((__cy_regions_end - __cy_regions) / 0x10))
                0x20008000                PROVIDE (__cy_stack, (ORIGIN (ram) + LENGTH (ram)))
                [!provide]                PROVIDE (__cy_heap_end, (__cy_stack - 0x100))

.cybootloader   0x00000000        0x0
 *(.cybootloader)
                0x00000000                appl1_start = CY_APPL_ORIGIN?CY_APPL_ORIGIN:ALIGN (CY_FLASH_ROW_SIZE)
                0x0001ff00                appl2_start = (appl1_start + ALIGN ((((LENGTH (rom) - appl1_start) - (0x2 * CY_FLASH_ROW_SIZE)) / 0x2), CY_FLASH_ROW_SIZE))
                0x00000000                appl_start = (CY_APPL_NUM == 0x1)?appl1_start:appl2_start
                0x00000000                ecc_offset = ((appl_start / CY_FLASH_ROW_SIZE) * CY_ECC_ROW_SIZE)
                0x00000000                ee_offset = (CY_APPL_LOADABLE && ! (CY_EE_IN_BTLDR))?((CY_EE_SIZE / CY_APPL_MAX) * (CY_APPL_NUM - 0x1)):0x0
                0x00000800                ee_size = (CY_APPL_LOADABLE && ! (CY_EE_IN_BTLDR))?(CY_EE_SIZE / CY_APPL_MAX):CY_EE_SIZE
                [!provide]                PROVIDE (CY_ECC_OFFSET, ecc_offset)

.text           0x00000000     0x1a5c
 CREATE_OBJECT_SYMBOLS
                0x00000000                PROVIDE (__cy_interrupt_vector, RomVectors)
 *(.romvectors)
 .romvectors    0x00000000       0x10 .\CortexM3\ARM_GCC_541\Debug\Cm3Start.o
                0x00000000                RomVectors
                0x00000001                ASSERT ((. != __cy_interrupt_vector), No interrupt vector)
                0x00000001                ASSERT (CY_APPL_ORIGIN?(SIZEOF (.cybootloader) <= CY_APPL_ORIGIN):0x1, Wrong image location)
                0x00000010                PROVIDE (__cy_reset, Reset)
 *(.text.Reset)
 .text.Reset    0x00000010       0x18 .\CortexM3\ARM_GCC_541\Debug\Cm3Start.o
                0x00000010                Reset
                0x00000001                ASSERT ((. != __cy_reset), No reset code)
 *(.dma_init)
                0x00000001                ASSERT ((((appl_start + .) <= 0x10000) || 0x1), DMA Init must be within the first 64k of flash)
 *(.text .text.* .gnu.linkonce.t.*)
 .text          0x00000028       0x5c c:/program files (x86)/cypress/psoc creator/4.2/psoc creator/import/gnu/arm/5.4.1/bin/../lib/gcc/arm-none-eabi/5.4.1/armv7-m/crtbegin.o
 *fill*         0x00000084        0x4 
 .text.degtopwm
                0x00000088       0x60 .\CortexM3\ARM_GCC_541\Debug\main.o
                0x00000088                degtopwm
 .text.servooutput
                0x000000e8       0x1c .\CortexM3\ARM_GCC_541\Debug\main.o
                0x000000e8                servooutput
 .text.UARTconfig
                0x00000104       0x64 .\CortexM3\ARM_GCC_541\Debug\main.o
                0x00000104                UARTconfig
 .text.main     0x00000168       0x70 .\CortexM3\ARM_GCC_541\Debug\main.o
                0x00000168                main
 .text.CyClockStartupError
                0x000001d8        0x4 .\CortexM3\ARM_GCC_541\Debug\cyfitter_cfg.o
 .text.cfg_write_bytes32
                0x000001dc       0x34 .\CortexM3\ARM_GCC_541\Debug\cyfitter_cfg.o
 .text.AnalogSetDefault
                0x00000210       0x28 .\CortexM3\ARM_GCC_541\Debug\cyfitter_cfg.o
 .text.CYMEMZERO
                0x00000238        0xc .\CortexM3\ARM_GCC_541\Debug\cyfitter_cfg.o
 .text.CYCONFIGCPY
                0x00000244        0x8 .\CortexM3\ARM_GCC_541\Debug\cyfitter_cfg.o
 .text.ClockSetup
                0x0000024c       0xe0 .\CortexM3\ARM_GCC_541\Debug\cyfitter_cfg.o
 .text.cyfitter_cfg
                0x0000032c       0xd8 .\CortexM3\ARM_GCC_541\Debug\cyfitter_cfg.o
                0x0000032c                cyfitter_cfg
 .text.IntDefaultHandler
                0x00000404       0x10 .\CortexM3\ARM_GCC_541\Debug\Cm3Start.o
                0x00000404                IntDefaultHandler
 .text._sbrk    0x00000414       0x30 .\CortexM3\ARM_GCC_541\Debug\Cm3Start.o
                0x00000414                _sbrk
 .text.Start_c  0x00000444       0x4c .\CortexM3\ARM_GCC_541\Debug\Cm3Start.o
                0x00000444                Start_c
 .text.initialize_psoc
                0x00000490       0x68 .\CortexM3\ARM_GCC_541\Debug\Cm3Start.o
                0x00000490                initialize_psoc
 .text.PWMA_Enable
                0x000004f8       0x10 .\CortexM3\ARM_GCC_541\Debug\Servo Board.a(PWMA.o)
                0x000004f8                PWMA_Enable
 .text.PWMA_WriteCounter
                0x00000508        0xc .\CortexM3\ARM_GCC_541\Debug\Servo Board.a(PWMA.o)
                0x00000508                PWMA_WriteCounter
 .text.PWMA_WritePeriod
                0x00000514        0xc .\CortexM3\ARM_GCC_541\Debug\Servo Board.a(PWMA.o)
                0x00000514                PWMA_WritePeriod
 .text.PWMA_WriteCompare1
                0x00000520        0xc .\CortexM3\ARM_GCC_541\Debug\Servo Board.a(PWMA.o)
                0x00000520                PWMA_WriteCompare1
 .text.PWMA_WriteCompare2
                0x0000052c        0xc .\CortexM3\ARM_GCC_541\Debug\Servo Board.a(PWMA.o)
                0x0000052c                PWMA_WriteCompare2
 .text.PWMA_WriteDeadTime
                0x00000538       0x1c .\CortexM3\ARM_GCC_541\Debug\Servo Board.a(PWMA.o)
                0x00000538                PWMA_WriteDeadTime
 .text.PWMA_SetInterruptMode
                0x00000554        0xc .\CortexM3\ARM_GCC_541\Debug\Servo Board.a(PWMA.o)
                0x00000554                PWMA_SetInterruptMode
 .text.PWMA_ReadStatusRegister
                0x00000560        0xc .\CortexM3\ARM_GCC_541\Debug\Servo Board.a(PWMA.o)
                0x00000560                PWMA_ReadStatusRegister
 .text.PWMA_ReadCapture
                0x0000056c        0xc .\CortexM3\ARM_GCC_541\Debug\Servo Board.a(PWMA.o)
                0x0000056c                PWMA_ReadCapture
 .text.PWMA_ClearFIFO
                0x00000578       0x14 .\CortexM3\ARM_GCC_541\Debug\Servo Board.a(PWMA.o)
                0x00000578                PWMA_ClearFIFO
 .text.PWMA_Init
                0x0000058c       0x70 .\CortexM3\ARM_GCC_541\Debug\Servo Board.a(PWMA.o)
                0x0000058c                PWMA_Init
 .text.PWMA_Start
                0x000005fc       0x1c .\CortexM3\ARM_GCC_541\Debug\Servo Board.a(PWMA.o)
                0x000005fc                PWMA_Start
 .text.USBUART_GetConfiguration
                0x00000618        0xc .\CortexM3\ARM_GCC_541\Debug\Servo Board.a(USBUART.o)
                0x00000618                USBUART_GetConfiguration
 .text.USBUART_IsConfigurationChanged
                0x00000624       0x20 .\CortexM3\ARM_GCC_541\Debug\Servo Board.a(USBUART.o)
                0x00000624                USBUART_IsConfigurationChanged
 .text.USBUART_GetEPState
                0x00000644       0x14 .\CortexM3\ARM_GCC_541\Debug\Servo Board.a(USBUART.o)
                0x00000644                USBUART_GetEPState
 .text.USBUART_GetEPCount
                0x00000658       0x28 .\CortexM3\ARM_GCC_541\Debug\Servo Board.a(USBUART.o)
                0x00000658                USBUART_GetEPCount
 .text.USBUART_LoadInEP
                0x00000680       0x94 .\CortexM3\ARM_GCC_541\Debug\Servo Board.a(USBUART.o)
                0x00000680                USBUART_LoadInEP
 .text.USBUART_EnableOutEP
                0x00000714       0x2c .\CortexM3\ARM_GCC_541\Debug\Servo Board.a(USBUART.o)
                0x00000714                USBUART_EnableOutEP
 .text.USBUART_ReadOutEP
                0x00000740       0x50 .\CortexM3\ARM_GCC_541\Debug\Servo Board.a(USBUART.o)
                0x00000740                USBUART_ReadOutEP
 .text.USBUART_StrLen
                0x00000790       0x14 .\CortexM3\ARM_GCC_541\Debug\Servo Board.a(USBUART_cdc.o)
 .text.USBUART_CDC_Init
                0x000007a4       0x98 .\CortexM3\ARM_GCC_541\Debug\Servo Board.a(USBUART_cdc.o)
                0x000007a4                USBUART_CDC_Init
 .text.USBUART_PutString
                0x0000083c       0xa0 .\CortexM3\ARM_GCC_541\Debug\Servo Board.a(USBUART_cdc.o)
                0x0000083c                USBUART_PutString
 .text.USBUART_PutChar
                0x000008dc       0x28 .\CortexM3\ARM_GCC_541\Debug\Servo Board.a(USBUART_cdc.o)
                0x000008dc                USBUART_PutChar
 .text.USBUART_DataIsReady
                0x00000904       0x18 .\CortexM3\ARM_GCC_541\Debug\Servo Board.a(USBUART_cdc.o)
                0x00000904                USBUART_DataIsReady
 .text.USBUART_CDCIsReady
                0x0000091c       0x18 .\CortexM3\ARM_GCC_541\Debug\Servo Board.a(USBUART_cdc.o)
                0x0000091c                USBUART_CDCIsReady
 .text.USBUART_GetAll
                0x00000934       0x30 .\CortexM3\ARM_GCC_541\Debug\Servo Board.a(USBUART_cdc.o)
                0x00000934                USBUART_GetAll
 .text.CyDelay  0x00000964       0x2c .\CortexM3\ARM_GCC_541\Debug\Servo Board.a(CyLib.o)
                0x00000964                CyDelay
 .text          0x00000990       0x20 .\CortexM3\ARM_GCC_541\Debug\Servo Board.a(CyBootAsmGnu.o)
                0x00000990                CyDelayCycles
                0x000009a0                CyEnterCriticalSection
                0x000009a8                CyExitCriticalSection
 .text          0x000009b0      0x370 c:/program files (x86)/cypress/psoc creator/4.2/psoc creator/import/gnu/arm/5.4.1/bin/../lib/gcc/arm-none-eabi/5.4.1/armv7-m\libgcc.a(_arm_addsubdf3.o)
                0x000009b0                __aeabi_drsub
                0x000009b8                __aeabi_dsub
                0x000009b8                __subdf3
                0x000009bc                __aeabi_dadd
                0x000009bc                __adddf3
                0x00000c34                __floatunsidf
                0x00000c34                __aeabi_ui2d
                0x00000c54                __floatsidf
                0x00000c54                __aeabi_i2d
                0x00000c78                __aeabi_f2d
                0x00000c78                __extendsfdf2
                0x00000cb4                __floatundidf
                0x00000cb4                __aeabi_ul2d
                0x00000cc4                __floatdidf
                0x00000cc4                __aeabi_l2d
 .text          0x00000d20      0x424 c:/program files (x86)/cypress/psoc creator/4.2/psoc creator/import/gnu/arm/5.4.1/bin/../lib/gcc/arm-none-eabi/5.4.1/armv7-m\libgcc.a(_arm_muldivdf3.o)
                0x00000d20                __aeabi_dmul
                0x00000d20                __muldf3
                0x00000f74                __divdf3
                0x00000f74                __aeabi_ddiv
 .text          0x00001144       0x50 c:/program files (x86)/cypress/psoc creator/4.2/psoc creator/import/gnu/arm/5.4.1/bin/../lib/gcc/arm-none-eabi/5.4.1/armv7-m\libgcc.a(_arm_fixdfsi.o)
                0x00001144                __aeabi_d2iz
                0x00001144                __fixdfsi
 .text.__errno  0x00001194        0xc c:/program files (x86)/cypress/psoc creator/4.2/psoc creator/import/gnu/arm/5.4.1/bin/../lib/gcc/arm-none-eabi/5.4.1/../../../../arm-none-eabi/lib/armv7-m\libg_nano.a(lib_a-errno.o)
                0x00001194                __errno
 .text.__libc_init_array
                0x000011a0       0x4c c:/program files (x86)/cypress/psoc creator/4.2/psoc creator/import/gnu/arm/5.4.1/bin/../lib/gcc/arm-none-eabi/5.4.1/../../../../arm-none-eabi/lib/armv7-m\libg_nano.a(lib_a-init.o)
                0x000011a0                __libc_init_array
 .text.memcpy   0x000011ec       0x16 c:/program files (x86)/cypress/psoc creator/4.2/psoc creator/import/gnu/arm/5.4.1/bin/../lib/gcc/arm-none-eabi/5.4.1/../../../../arm-none-eabi/lib/armv7-m\libg_nano.a(lib_a-memcpy-stub.o)
                0x000011ec                memcpy
 .text.memset   0x00001202       0x10 c:/program files (x86)/cypress/psoc creator/4.2/psoc creator/import/gnu/arm/5.4.1/bin/../lib/gcc/arm-none-eabi/5.4.1/../../../../arm-none-eabi/lib/armv7-m\libg_nano.a(lib_a-memset.o)
                0x00001202                memset
 *fill*         0x00001212        0x2 
 .text.sprintf  0x00001214       0x48 c:/program files (x86)/cypress/psoc creator/4.2/psoc creator/import/gnu/arm/5.4.1/bin/../lib/gcc/arm-none-eabi/5.4.1/../../../../arm-none-eabi/lib/armv7-m\libg_nano.a(lib_a-sprintf.o)
                0x00001214                siprintf
                0x00001214                sprintf
 .text.__ssputs_r
                0x0000125c       0xb2 c:/program files (x86)/cypress/psoc creator/4.2/psoc creator/import/gnu/arm/5.4.1/bin/../lib/gcc/arm-none-eabi/5.4.1/../../../../arm-none-eabi/lib/armv7-m\libg_nano.a(lib_a-nano-svfprintf.o)
                0x0000125c                __ssputs_r
 *fill*         0x0000130e        0x2 
 .text._svfprintf_r
                0x00001310      0x1e8 c:/program files (x86)/cypress/psoc creator/4.2/psoc creator/import/gnu/arm/5.4.1/bin/../lib/gcc/arm-none-eabi/5.4.1/../../../../arm-none-eabi/lib/armv7-m\libg_nano.a(lib_a-nano-svfprintf.o)
                0x00001310                _svfiprintf_r
                0x00001310                _svfprintf_r
 .text._printf_common
                0x000014f8       0xec c:/program files (x86)/cypress/psoc creator/4.2/psoc creator/import/gnu/arm/5.4.1/bin/../lib/gcc/arm-none-eabi/5.4.1/../../../../arm-none-eabi/lib/armv7-m\libg_nano.a(lib_a-nano-vfprintf_i.o)
                0x000014f8                _printf_common
 .text._printf_i
                0x000015e4      0x24c c:/program files (x86)/cypress/psoc creator/4.2/psoc creator/import/gnu/arm/5.4.1/bin/../lib/gcc/arm-none-eabi/5.4.1/../../../../arm-none-eabi/lib/armv7-m\libg_nano.a(lib_a-nano-vfprintf_i.o)
                0x000015e4                _printf_i
 .text.memchr   0x00001830       0x1c c:/program files (x86)/cypress/psoc creator/4.2/psoc creator/import/gnu/arm/5.4.1/bin/../lib/gcc/arm-none-eabi/5.4.1/../../../../arm-none-eabi/lib/armv7-m\libg_nano.a(lib_a-memchr-stub.o)
                0x00001830                memchr
 .text.memmove  0x0000184c       0x36 c:/program files (x86)/cypress/psoc creator/4.2/psoc creator/import/gnu/arm/5.4.1/bin/../lib/gcc/arm-none-eabi/5.4.1/../../../../arm-none-eabi/lib/armv7-m\libg_nano.a(lib_a-memmove.o)
                0x0000184c                memmove
 *fill*         0x00001882        0x2 
 .text._free_r  0x00001884       0x98 c:/program files (x86)/cypress/psoc creator/4.2/psoc creator/import/gnu/arm/5.4.1/bin/../lib/gcc/arm-none-eabi/5.4.1/../../../../arm-none-eabi/lib/armv7-m\libg_nano.a(lib_a-nano-freer.o)
                0x00001884                _free_r
 .text._malloc_r
                0x0000191c       0xbc c:/program files (x86)/cypress/psoc creator/4.2/psoc creator/import/gnu/arm/5.4.1/bin/../lib/gcc/arm-none-eabi/5.4.1/../../../../arm-none-eabi/lib/armv7-m\libg_nano.a(lib_a-nano-mallocr.o)
                0x0000191c                _malloc_r
 .text._realloc_r
                0x000019d8       0x4c c:/program files (x86)/cypress/psoc creator/4.2/psoc creator/import/gnu/arm/5.4.1/bin/../lib/gcc/arm-none-eabi/5.4.1/../../../../arm-none-eabi/lib/armv7-m\libg_nano.a(lib_a-nano-reallocr.o)
                0x000019d8                _realloc_r
 .text._sbrk_r  0x00001a24       0x20 c:/program files (x86)/cypress/psoc creator/4.2/psoc creator/import/gnu/arm/5.4.1/bin/../lib/gcc/arm-none-eabi/5.4.1/../../../../arm-none-eabi/lib/armv7-m\libg_nano.a(lib_a-sbrkr.o)
                0x00001a24                _sbrk_r
 .text.__malloc_lock
                0x00001a44        0x2 c:/program files (x86)/cypress/psoc creator/4.2/psoc creator/import/gnu/arm/5.4.1/bin/../lib/gcc/arm-none-eabi/5.4.1/../../../../arm-none-eabi/lib/armv7-m\libg_nano.a(lib_a-mlock.o)
                0x00001a44                __malloc_lock
 .text.__malloc_unlock
                0x00001a46        0x2 c:/program files (x86)/cypress/psoc creator/4.2/psoc creator/import/gnu/arm/5.4.1/bin/../lib/gcc/arm-none-eabi/5.4.1/../../../../arm-none-eabi/lib/armv7-m\libg_nano.a(lib_a-mlock.o)
                0x00001a46                __malloc_unlock
 .text._malloc_usable_size_r
                0x00001a48       0x14 c:/program files (x86)/cypress/psoc creator/4.2/psoc creator/import/gnu/arm/5.4.1/bin/../lib/gcc/arm-none-eabi/5.4.1/../../../../arm-none-eabi/lib/armv7-m\libg_nano.a(lib_a-nano-msizer.o)
                0x00001a48                _malloc_usable_size_r
 *(.plt)
 *(.gnu.warning)
 *(.glue_7t)
 .glue_7t       0x00001a5c        0x0 linker stubs
 *(.glue_7)
 .glue_7        0x00001a5c        0x0 linker stubs
 *(.vfp11_veneer)
 .vfp11_veneer  0x00001a5c        0x0 linker stubs
 *(.bootloader)
 *(.ARM.extab* .gnu.linkonce.armextab.*)
 *(.gcc_except_table)

.v4_bx          0x00001a5c        0x0
 .v4_bx         0x00001a5c        0x0 linker stubs

.iplt           0x00001a5c        0x0
 .iplt          0x00001a5c        0x0 c:/program files (x86)/cypress/psoc creator/4.2/psoc creator/import/gnu/arm/5.4.1/bin/../lib/gcc/arm-none-eabi/5.4.1/armv7-m/crtbegin.o

.eh_frame_hdr
 *(.eh_frame_hdr)

.eh_frame       0x00001a5c        0x4
 *(.eh_frame)
 .eh_frame      0x00001a5c        0x0 c:/program files (x86)/cypress/psoc creator/4.2/psoc creator/import/gnu/arm/5.4.1/bin/../lib/gcc/arm-none-eabi/5.4.1/armv7-m/crtbegin.o
 .eh_frame      0x00001a5c        0x4 c:/program files (x86)/cypress/psoc creator/4.2/psoc creator/import/gnu/arm/5.4.1/bin/../lib/gcc/arm-none-eabi/5.4.1/armv7-m/crtend.o
                [!provide]                PROVIDE (__exidx_start, .)

.ARM.exidx
 *(.ARM.exidx* .gnu.linkonce.armexidx.*)
                0x00001a60                __exidx_end = .

.rodata         0x00001a60       0xd8
 *(.rodata .rodata.* .gnu.linkonce.r.*)
 .rodata.str1.4
                0x00001a60       0x44 .\CortexM3\ARM_GCC_541\Debug\main.o
                                 0x42 (size before relaxing)
 .rodata        0x00001aa4       0x2a .\CortexM3\ARM_GCC_541\Debug\cyfitter_cfg.o
 .rodata.str1.1
                0x00001ace        0x2 c:/program files (x86)/cypress/psoc creator/4.2/psoc creator/import/gnu/arm/5.4.1/bin/../lib/gcc/arm-none-eabi/5.4.1/../../../../arm-none-eabi/lib/armv7-m\libg_nano.a(lib_a-impure.o)
 .rodata.str1.1
                0x00001ad0       0x11 c:/program files (x86)/cypress/psoc creator/4.2/psoc creator/import/gnu/arm/5.4.1/bin/../lib/gcc/arm-none-eabi/5.4.1/../../../../arm-none-eabi/lib/armv7-m\libg_nano.a(lib_a-nano-svfprintf.o)
 .rodata.str1.1
                0x00001ae1       0x22 c:/program files (x86)/cypress/psoc creator/4.2/psoc creator/import/gnu/arm/5.4.1/bin/../lib/gcc/arm-none-eabi/5.4.1/../../../../arm-none-eabi/lib/armv7-m\libg_nano.a(lib_a-nano-vfprintf_i.o)
                0x00001b04                . = ALIGN (0x4)
 *fill*         0x00001b03        0x1 
 *(.init)
 .init          0x00001b04        0x4 c:/program files (x86)/cypress/psoc creator/4.2/psoc creator/import/gnu/arm/5.4.1/bin/../lib/gcc/arm-none-eabi/5.4.1/armv7-m/crti.o
                0x00001b04                _init
 .init          0x00001b08        0x8 c:/program files (x86)/cypress/psoc creator/4.2/psoc creator/import/gnu/arm/5.4.1/bin/../lib/gcc/arm-none-eabi/5.4.1/armv7-m/crtn.o
                0x00001b10                . = ALIGN (0x4)
                0x00001b10                __preinit_array_start = .
 *(.preinit_array)
                0x00001b10                __preinit_array_end = .
                0x00001b10                . = ALIGN (0x4)
                0x00001b10                __init_array_start = .
 *(SORT(.init_array.*))
 *(.init_array)
 .init_array    0x00001b10        0x4 c:/program files (x86)/cypress/psoc creator/4.2/psoc creator/import/gnu/arm/5.4.1/bin/../lib/gcc/arm-none-eabi/5.4.1/armv7-m/crtbegin.o
 .init_array    0x00001b14        0x4 .\CortexM3\ARM_GCC_541\Debug\Cm3Start.o
                0x00001b18                __init_array_end = .
                0x00001b18                . = ALIGN (0x4)
 *(.fini)
 .fini          0x00001b18        0x4 c:/program files (x86)/cypress/psoc creator/4.2/psoc creator/import/gnu/arm/5.4.1/bin/../lib/gcc/arm-none-eabi/5.4.1/armv7-m/crti.o
                0x00001b18                _fini
 .fini          0x00001b1c        0x8 c:/program files (x86)/cypress/psoc creator/4.2/psoc creator/import/gnu/arm/5.4.1/bin/../lib/gcc/arm-none-eabi/5.4.1/armv7-m/crtn.o
                0x00001b24                . = ALIGN (0x4)
                0x00001b24                __fini_array_start = .
 *(.fini_array)
 .fini_array    0x00001b24        0x4 c:/program files (x86)/cypress/psoc creator/4.2/psoc creator/import/gnu/arm/5.4.1/bin/../lib/gcc/arm-none-eabi/5.4.1/armv7-m/crtbegin.o
 *(SORT(.fini_array.*))
                0x00001b28                __fini_array_end = .
                0x00001b28                . = ALIGN (0x4)
 *crtbegin.o(.ctors)
 *(EXCLUDE_FILE(*crtend.o) .ctors)
 *(SORT(.ctors.*))
 *crtend.o(.ctors)
                0x00001b28                . = ALIGN (0x4)
 *crtbegin.o(.dtors)
 *(EXCLUDE_FILE(*crtend.o) .dtors)
 *(SORT(.dtors.*))
 *crtend.o(.dtors)
                0x00001b28                . = ALIGN (0x4)
                0x00001b28                __cy_regions = .
                0x00001b28        0x4 LONG 0x1b38 __cy_region_init_ram
                0x00001b2c        0x4 LONG 0x1fff80c8 __cy_region_start_data
                0x00001b30        0x4 LONG 0xa0 __cy_region_init_size_ram
                0x00001b34        0x4 LONG 0x188 __cy_region_zero_size_ram
                0x00001b38                __cy_regions_end = .
                0x00001b38                . = ALIGN (0x8)
                0x00001b38                _etext = .

.cy_checksum_exclude
                0x00001b38        0x0
 *(.cy_checksum_exclude)

.ramvectors     0x1fff8000       0xc0
                0x1fff8000                __cy_region_start_ram = .
 *(.ramvectors)
 .ramvectors    0x1fff8000       0xc0 .\CortexM3\ARM_GCC_541\Debug\Cm3Start.o
                0x1fff8000                CyRamVectors

.noinit         0x1fff80c0        0x1
 *(.noinit)
 .noinit        0x1fff80c0        0x1 .\CortexM3\ARM_GCC_541\Debug\Servo Board.a(CyLib.o)
                0x1fff80c0                CyResetStatus

.data           0x1fff80c8       0xa0 load address 0x00001b38
                0x1fff80c8                __cy_region_start_data = .
 *(.jcr)
 .jcr           0x1fff80c8        0x0 c:/program files (x86)/cypress/psoc creator/4.2/psoc creator/import/gnu/arm/5.4.1/bin/../lib/gcc/arm-none-eabi/5.4.1/armv7-m/crtbegin.o
 .jcr           0x1fff80c8        0x4 c:/program files (x86)/cypress/psoc creator/4.2/psoc creator/import/gnu/arm/5.4.1/bin/../lib/gcc/arm-none-eabi/5.4.1/armv7-m/crtend.o
 *(.got.plt)
 *(.got)
 *(.shdata)
 *(.data .data.* .gnu.linkonce.d.*)
 .data          0x1fff80cc       0x24 .\CortexM3\ARM_GCC_541\Debug\main.o
                0x1fff80cc                a
                0x1fff80d0                stopm
                0x1fff80dc                parity
 .data          0x1fff80f0        0x4 .\CortexM3\ARM_GCC_541\Debug\Cm3Start.o
 .data          0x1fff80f4       0x10 .\CortexM3\ARM_GCC_541\Debug\Servo Board.a(CyLib.o)
                0x1fff80f4                cydelay_32k_ms
                0x1fff80f8                cydelay_freq_khz
                0x1fff80fc                cydelay_freq_mhz
                0x1fff8100                cydelay_freq_hz
 .data.impure_data
                0x1fff8104       0x60 c:/program files (x86)/cypress/psoc creator/4.2/psoc creator/import/gnu/arm/5.4.1/bin/../lib/gcc/arm-none-eabi/5.4.1/../../../../arm-none-eabi/lib/armv7-m\libg_nano.a(lib_a-impure.o)
 .data._impure_ptr
                0x1fff8164        0x4 c:/program files (x86)/cypress/psoc creator/4.2/psoc creator/import/gnu/arm/5.4.1/bin/../lib/gcc/arm-none-eabi/5.4.1/../../../../arm-none-eabi/lib/armv7-m\libg_nano.a(lib_a-impure.o)
                0x1fff8164                _impure_ptr
                0x1fff8168                . = ALIGN (0x8)
 *(.ram)
                0x1fff8168                _edata = .

.igot.plt       0x1fff8168        0x0 load address 0x00001bd8
 .igot.plt      0x1fff8168        0x0 c:/program files (x86)/cypress/psoc creator/4.2/psoc creator/import/gnu/arm/5.4.1/bin/../lib/gcc/arm-none-eabi/5.4.1/armv7-m/crtbegin.o

.bss            0x1fff8168      0x188 load address 0x00001bd8
                0x1fff8168                PROVIDE (__bss_start__, .)
 *(.shbss)
 *(.bss .bss.* .gnu.linkonce.b.*)
 .bss           0x1fff8168       0x1c c:/program files (x86)/cypress/psoc creator/4.2/psoc creator/import/gnu/arm/5.4.1/bin/../lib/gcc/arm-none-eabi/5.4.1/armv7-m/crtbegin.o
 .bss           0x1fff8184       0x20 .\CortexM3\ARM_GCC_541\Debug\main.o
                0x1fff8184                anglegs
                0x1fff8194                pwmlegs
 .bss           0x1fff81a4        0x1 .\CortexM3\ARM_GCC_541\Debug\Servo Board.a(PWMA.o)
                0x1fff81a4                PWMA_initVar
 .bss           0x1fff81a5        0x1 .\CortexM3\ARM_GCC_541\Debug\Servo Board.a(USBUART_cdc.o)
 *fill*         0x1fff81a6        0x2 
 .bss.__malloc_sbrk_start
                0x1fff81a8        0x4 c:/program files (x86)/cypress/psoc creator/4.2/psoc creator/import/gnu/arm/5.4.1/bin/../lib/gcc/arm-none-eabi/5.4.1/../../../../arm-none-eabi/lib/armv7-m\libg_nano.a(lib_a-nano-mallocr.o)
                0x1fff81a8                __malloc_sbrk_start
 .bss.__malloc_free_list
                0x1fff81ac        0x4 c:/program files (x86)/cypress/psoc creator/4.2/psoc creator/import/gnu/arm/5.4.1/bin/../lib/gcc/arm-none-eabi/5.4.1/../../../../arm-none-eabi/lib/armv7-m\libg_nano.a(lib_a-nano-mallocr.o)
                0x1fff81ac                __malloc_free_list
 *(COMMON)
 COMMON         0x1fff81b0       0x82 .\CortexM3\ARM_GCC_541\Debug\main.o
                0x1fff81b0                msg
                0x1fff81f0                buffer
                0x1fff8230                count
 *fill*         0x1fff8232        0x2 
 COMMON         0x1fff8234       0x18 .\CortexM3\ARM_GCC_541\Debug\Servo Board.a(USBUART_cdc.o)
                0x1fff8234                USBUART_linesChanged
                0x1fff8238                USBUART_cdcDataInEp
                0x1fff823c                USBUART_cdcCommInInterruptEp
                0x1fff8240                USBUART_cdcDataOutEp
                0x1fff8244                USBUART_serialStateBitmap
                0x1fff8248                USBUART_linesControlBitmap
 COMMON         0x1fff824c       0x9a .\CortexM3\ARM_GCC_541\Debug\Servo Board.a(USBUART_drv.o)
                0x1fff824c                USBUART_lastPacketSize
                0x1fff824d                USBUART_device
                0x1fff824e                USBUART_transferByteCount
                0x1fff8250                USBUART_transferState
                0x1fff8254                USBUART_interfaceSettingLast
                0x1fff8258                USBUART_currentTD
                0x1fff8264                USBUART_interfaceNumber
                0x1fff8268                USBUART_interfaceClass
                0x1fff826c                USBUART_configurationChanged
                0x1fff826d                USBUART_ep0Mode
                0x1fff826e                USBUART_deviceAddress
                0x1fff826f                USBUART_configuration
                0x1fff8270                USBUART_ep0Count
                0x1fff8271                USBUART_deviceStatus
                0x1fff8274                USBUART_EP
                0x1fff82e0                USBUART_interfaceSetting
                0x1fff82e2                USBUART_ep0Toggle
                0x1fff82e4                USBUART_interfaceStatus
 *fill*         0x1fff82e6        0x2 
 COMMON         0x1fff82e8        0x4 c:/program files (x86)/cypress/psoc creator/4.2/psoc creator/import/gnu/arm/5.4.1/bin/../lib/gcc/arm-none-eabi/5.4.1/../../../../arm-none-eabi/lib/armv7-m\libg_nano.a(lib_a-reent.o)
                0x1fff82e8                errno
                0x1fff82f0                . = ALIGN (0x8)
 *fill*         0x1fff82ec        0x4 
 *(.ram.b)
                0x1fff82f0                _end = .
                0x1fff82f0                __end = .
                0x1fff82f0                PROVIDE (end, .)
                0x1fff82f0                PROVIDE (__bss_end__, .)
                0x00001b38                __cy_region_init_ram = LOADADDR (.data)
                0x000000a0                __cy_region_init_size_ram = (_edata - ADDR (.data))
                0x00000188                __cy_region_zero_size_ram = (_end - _edata)

.heap           0x1fff82f0       0x80 load address 0x00001bd8
                0x1fff82f0                . = _end
                0x1fff8370                . = (. + 0x80)
 *fill*         0x1fff82f0       0x80 
                0x1fff8370                __cy_heap_limit = .

.stack          0x20007f00      0x100
                0x20007f00                __cy_stack_limit = .
                0x20008000                . = (. + 0x100)
 *fill*         0x20007f00      0x100 
                0x00000001                ASSERT ((__cy_stack_limit >= __cy_heap_limit), region RAM overflowed with stack)
                0x00000000                cy_checksum_exclude_size = (CY_APPL_LOADABLE == 0x1)?SIZEOF (.cy_checksum_exclude):0x0
                0x00000001                ASSERT ((cy_checksum_exclude_size <= CY_CHECKSUM_EXCLUDE_SIZE), CY_BOOT: Section .cy_checksum_exclude size exceedes specified limit.)

.cyloadermeta
 *(.cyloadermeta)

.cyloadablemeta
 *(.cyloadablemeta)

.cyconfigecc    0x80000000      0x428
 *(.cyconfigecc)
 .cyconfigecc   0x80000000      0x428 .\CortexM3\ARM_GCC_541\Debug\cymetadata.o
                0x80000000                cy_meta_configecc

.cycustnvl      0x90000000        0x4
 *(.cycustnvl)
 .cycustnvl     0x90000000        0x4 .\CortexM3\ARM_GCC_541\Debug\cymetadata.o
                0x90000000                cy_meta_custnvl

.cywolatch      0x90100000        0x4
 *(.cywolatch)
 .cywolatch     0x90100000        0x4 .\CortexM3\ARM_GCC_541\Debug\cymetadata.o
                0x90100000                cy_meta_wonvl

.cyeeprom       0x90200000        0x0
 *(.cyeeprom)
                0x00000001                ASSERT ((. <= ((0x90200000 + ee_offset) + ee_size)), .cyeeprom data will not fit in EEPROM)

.cyflashprotect
                0x90400000      0x100
 *(.cyflashprotect)
 .cyflashprotect
                0x90400000      0x100 .\CortexM3\ARM_GCC_541\Debug\cymetadata.o
                0x90400000                cy_meta_flashprotect

.cymeta         0x90500000        0xc
 *(.cymeta)
 .cymeta        0x90500000        0xc .\CortexM3\ARM_GCC_541\Debug\cymetadata.o
                0x90500000                cy_metadata

.rel.dyn        0x00001bd8        0x0 load address 0x9050000c
 .rel.iplt      0x00001bd8        0x0 c:/program files (x86)/cypress/psoc creator/4.2/psoc creator/import/gnu/arm/5.4.1/bin/../lib/gcc/arm-none-eabi/5.4.1/armv7-m/crtbegin.o

.stab
 *(.stab)

.stabstr
 *(.stabstr)

.debug
 *(.debug)

.line
 *(.line)

.debug_srcinfo
 *(.debug_srcinfo)

.debug_sfnames
 *(.debug_sfnames)

.debug_aranges  0x00000000      0xac0
 *(.debug_aranges)
 .debug_aranges
                0x00000000       0x38 .\CortexM3\ARM_GCC_541\Debug\main.o
 .debug_aranges
                0x00000038       0x58 .\CortexM3\ARM_GCC_541\Debug\cyfitter_cfg.o
 .debug_aranges
                0x00000090       0x18 .\CortexM3\ARM_GCC_541\Debug\cymetadata.o
 .debug_aranges
                0x000000a8       0x48 .\CortexM3\ARM_GCC_541\Debug\Cm3Start.o
 .debug_aranges
                0x000000f0       0xb8 .\CortexM3\ARM_GCC_541\Debug\Servo Board.a(PWMA.o)
 .debug_aranges
                0x000001a8       0xc8 .\CortexM3\ARM_GCC_541\Debug\Servo Board.a(USBUART.o)
 .debug_aranges
                0x00000270       0xe8 .\CortexM3\ARM_GCC_541\Debug\Servo Board.a(USBUART_cdc.o)
 .debug_aranges
                0x00000358       0x98 .\CortexM3\ARM_GCC_541\Debug\Servo Board.a(USBUART_drv.o)
 .debug_aranges
                0x000003f0       0x40 .\CortexM3\ARM_GCC_541\Debug\Servo Board.a(USBUART_episr.o)
 .debug_aranges
                0x00000430       0x48 .\CortexM3\ARM_GCC_541\Debug\Servo Board.a(USBUART_hid.o)
 .debug_aranges
                0x00000478       0x40 .\CortexM3\ARM_GCC_541\Debug\Servo Board.a(USBUART_pm.o)
 .debug_aranges
                0x000004b8       0x80 .\CortexM3\ARM_GCC_541\Debug\Servo Board.a(USBUART_std.o)
 .debug_aranges
                0x00000538       0x20 .\CortexM3\ARM_GCC_541\Debug\Servo Board.a(USBUART_vnd.o)
 .debug_aranges
                0x00000558       0x48 .\CortexM3\ARM_GCC_541\Debug\Servo Board.a(USBUART_Dp.o)
 .debug_aranges
                0x000005a0      0x2a8 .\CortexM3\ARM_GCC_541\Debug\Servo Board.a(CyLib.o)
 .debug_aranges
                0x00000848       0x98 .\CortexM3\ARM_GCC_541\Debug\Servo Board.a(cyPm.o)
 .debug_aranges
                0x000008e0       0x20 .\CortexM3\ARM_GCC_541\Debug\Servo Board.a(CyBootAsmGnu.o)
 .debug_aranges
                0x00000900       0x80 .\CortexM3\ARM_GCC_541\Debug\Servo Board.a(CyScBoostClk.o)
 .debug_aranges
                0x00000980       0x20 .\CortexM3\ARM_GCC_541\Debug\Servo Board.a(USBUART_cls.o)
 .debug_aranges
                0x000009a0       0x18 .\CortexM3\ARM_GCC_541\Debug\Servo Board.a(USBUART_descr.o)
 .debug_aranges
                0x000009b8       0x88 .\CortexM3\ARM_GCC_541\Debug\Servo Board.a(CyFlash.o)
 .debug_aranges
                0x00000a40       0x80 .\CortexM3\ARM_GCC_541\Debug\Servo Board.a(CySpc.o)

.debug_pubnames
 *(.debug_pubnames)

.debug_info     0x00000000     0x765a
 *(.debug_info .gnu.linkonce.wi.*)
 .debug_info    0x00000000      0x3ca .\CortexM3\ARM_GCC_541\Debug\main.o
 .debug_info    0x000003ca      0x4ee .\CortexM3\ARM_GCC_541\Debug\cyfitter_cfg.o
 .debug_info    0x000008b8      0x135 .\CortexM3\ARM_GCC_541\Debug\cymetadata.o
 .debug_info    0x000009ed      0x3bb .\CortexM3\ARM_GCC_541\Debug\Cm3Start.o
 .debug_info    0x00000da8      0x3f4 .\CortexM3\ARM_GCC_541\Debug\Servo Board.a(PWMA.o)
 .debug_info    0x0000119c      0x9c7 .\CortexM3\ARM_GCC_541\Debug\Servo Board.a(USBUART.o)
 .debug_info    0x00001b63      0xaf7 .\CortexM3\ARM_GCC_541\Debug\Servo Board.a(USBUART_cdc.o)
 .debug_info    0x0000265a      0x655 .\CortexM3\ARM_GCC_541\Debug\Servo Board.a(USBUART_drv.o)
 .debug_info    0x00002caf      0x254 .\CortexM3\ARM_GCC_541\Debug\Servo Board.a(USBUART_episr.o)
 .debug_info    0x00002f03      0x43b .\CortexM3\ARM_GCC_541\Debug\Servo Board.a(USBUART_hid.o)
 .debug_info    0x0000333e      0x2e4 .\CortexM3\ARM_GCC_541\Debug\Servo Board.a(USBUART_pm.o)
 .debug_info    0x00003622      0xb36 .\CortexM3\ARM_GCC_541\Debug\Servo Board.a(USBUART_std.o)
 .debug_info    0x00004158      0x1be .\CortexM3\ARM_GCC_541\Debug\Servo Board.a(USBUART_vnd.o)
 .debug_info    0x00004316      0x174 .\CortexM3\ARM_GCC_541\Debug\Servo Board.a(USBUART_Dp.o)
 .debug_info    0x0000448a     0x13d4 .\CortexM3\ARM_GCC_541\Debug\Servo Board.a(CyLib.o)
 .debug_info    0x0000585e      0xa2a .\CortexM3\ARM_GCC_541\Debug\Servo Board.a(cyPm.o)
 .debug_info    0x00006288       0x74 .\CortexM3\ARM_GCC_541\Debug\Servo Board.a(CyBootAsmGnu.o)
 .debug_info    0x000062fc      0x2c4 .\CortexM3\ARM_GCC_541\Debug\Servo Board.a(CyScBoostClk.o)
 .debug_info    0x000065c0      0x1f2 .\CortexM3\ARM_GCC_541\Debug\Servo Board.a(USBUART_cls.o)
 .debug_info    0x000067b2      0x30b .\CortexM3\ARM_GCC_541\Debug\Servo Board.a(USBUART_descr.o)
 .debug_info    0x00006abd      0x64d .\CortexM3\ARM_GCC_541\Debug\Servo Board.a(CyFlash.o)
 .debug_info    0x0000710a      0x550 .\CortexM3\ARM_GCC_541\Debug\Servo Board.a(CySpc.o)

.debug_abbrev   0x00000000     0x1dc6
 *(.debug_abbrev)
 .debug_abbrev  0x00000000      0x146 .\CortexM3\ARM_GCC_541\Debug\main.o
 .debug_abbrev  0x00000146      0x1fe .\CortexM3\ARM_GCC_541\Debug\cyfitter_cfg.o
 .debug_abbrev  0x00000344       0x66 .\CortexM3\ARM_GCC_541\Debug\cymetadata.o
 .debug_abbrev  0x000003aa      0x1e8 .\CortexM3\ARM_GCC_541\Debug\Cm3Start.o
 .debug_abbrev  0x00000592      0x142 .\CortexM3\ARM_GCC_541\Debug\Servo Board.a(PWMA.o)
 .debug_abbrev  0x000006d4      0x215 .\CortexM3\ARM_GCC_541\Debug\Servo Board.a(USBUART.o)
 .debug_abbrev  0x000008e9      0x245 .\CortexM3\ARM_GCC_541\Debug\Servo Board.a(USBUART_cdc.o)
 .debug_abbrev  0x00000b2e      0x189 .\CortexM3\ARM_GCC_541\Debug\Servo Board.a(USBUART_drv.o)
 .debug_abbrev  0x00000cb7      0x11b .\CortexM3\ARM_GCC_541\Debug\Servo Board.a(USBUART_episr.o)
 .debug_abbrev  0x00000dd2      0x16d .\CortexM3\ARM_GCC_541\Debug\Servo Board.a(USBUART_hid.o)
 .debug_abbrev  0x00000f3f      0x108 .\CortexM3\ARM_GCC_541\Debug\Servo Board.a(USBUART_pm.o)
 .debug_abbrev  0x00001047      0x20a .\CortexM3\ARM_GCC_541\Debug\Servo Board.a(USBUART_std.o)
 .debug_abbrev  0x00001251       0xe1 .\CortexM3\ARM_GCC_541\Debug\Servo Board.a(USBUART_vnd.o)
 .debug_abbrev  0x00001332       0x90 .\CortexM3\ARM_GCC_541\Debug\Servo Board.a(USBUART_Dp.o)
 .debug_abbrev  0x000013c2      0x254 .\CortexM3\ARM_GCC_541\Debug\Servo Board.a(CyLib.o)
 .debug_abbrev  0x00001616      0x1ab .\CortexM3\ARM_GCC_541\Debug\Servo Board.a(cyPm.o)
 .debug_abbrev  0x000017c1       0x14 .\CortexM3\ARM_GCC_541\Debug\Servo Board.a(CyBootAsmGnu.o)
 .debug_abbrev  0x000017d5      0x121 .\CortexM3\ARM_GCC_541\Debug\Servo Board.a(CyScBoostClk.o)
 .debug_abbrev  0x000018f6       0xe1 .\CortexM3\ARM_GCC_541\Debug\Servo Board.a(USBUART_cls.o)
 .debug_abbrev  0x000019d7       0xb4 .\CortexM3\ARM_GCC_541\Debug\Servo Board.a(USBUART_descr.o)
 .debug_abbrev  0x00001a8b      0x1a7 .\CortexM3\ARM_GCC_541\Debug\Servo Board.a(CyFlash.o)
 .debug_abbrev  0x00001c32      0x194 .\CortexM3\ARM_GCC_541\Debug\Servo Board.a(CySpc.o)

.debug_line     0x00000000     0x2d3d
 *(.debug_line)
 .debug_line    0x00000000      0x27e .\CortexM3\ARM_GCC_541\Debug\main.o
 .debug_line    0x0000027e      0x1d8 .\CortexM3\ARM_GCC_541\Debug\cyfitter_cfg.o
 .debug_line    0x00000456      0x141 .\CortexM3\ARM_GCC_541\Debug\cymetadata.o
 .debug_line    0x00000597      0x234 .\CortexM3\ARM_GCC_541\Debug\Cm3Start.o
 .debug_line    0x000007cb      0x1d0 .\CortexM3\ARM_GCC_541\Debug\Servo Board.a(PWMA.o)
 .debug_line    0x0000099b      0x2fc .\CortexM3\ARM_GCC_541\Debug\Servo Board.a(USBUART.o)
 .debug_line    0x00000c97      0x2f2 .\CortexM3\ARM_GCC_541\Debug\Servo Board.a(USBUART_cdc.o)
 .debug_line    0x00000f89      0x221 .\CortexM3\ARM_GCC_541\Debug\Servo Board.a(USBUART_drv.o)
 .debug_line    0x000011aa       0xe6 .\CortexM3\ARM_GCC_541\Debug\Servo Board.a(USBUART_episr.o)
 .debug_line    0x00001290      0x14f .\CortexM3\ARM_GCC_541\Debug\Servo Board.a(USBUART_hid.o)
 .debug_line    0x000013df      0x10e .\CortexM3\ARM_GCC_541\Debug\Servo Board.a(USBUART_pm.o)
 .debug_line    0x000014ed      0x3dc .\CortexM3\ARM_GCC_541\Debug\Servo Board.a(USBUART_std.o)
 .debug_line    0x000018c9       0x8b .\CortexM3\ARM_GCC_541\Debug\Servo Board.a(USBUART_vnd.o)
 .debug_line    0x00001954       0xbb .\CortexM3\ARM_GCC_541\Debug\Servo Board.a(USBUART_Dp.o)
 .debug_line    0x00001a0f      0x854 .\CortexM3\ARM_GCC_541\Debug\Servo Board.a(CyLib.o)
 .debug_line    0x00002263      0x367 .\CortexM3\ARM_GCC_541\Debug\Servo Board.a(cyPm.o)
 .debug_line    0x000025ca       0x66 .\CortexM3\ARM_GCC_541\Debug\Servo Board.a(CyBootAsmGnu.o)
 .debug_line    0x00002630      0x19e .\CortexM3\ARM_GCC_541\Debug\Servo Board.a(CyScBoostClk.o)
 .debug_line    0x000027ce       0x94 .\CortexM3\ARM_GCC_541\Debug\Servo Board.a(USBUART_cls.o)
 .debug_line    0x00002862       0x61 .\CortexM3\ARM_GCC_541\Debug\Servo Board.a(USBUART_descr.o)
 .debug_line    0x000028c3      0x21a .\CortexM3\ARM_GCC_541\Debug\Servo Board.a(CyFlash.o)
 .debug_line    0x00002add      0x260 .\CortexM3\ARM_GCC_541\Debug\Servo Board.a(CySpc.o)

.debug_frame    0x00000000     0x1eb0
 *(.debug_frame)
 .debug_frame   0x00000000       0x80 .\CortexM3\ARM_GCC_541\Debug\main.o
 .debug_frame   0x00000080       0xe4 .\CortexM3\ARM_GCC_541\Debug\cyfitter_cfg.o
 .debug_frame   0x00000164       0xb8 .\CortexM3\ARM_GCC_541\Debug\Cm3Start.o
 .debug_frame   0x0000021c      0x174 .\CortexM3\ARM_GCC_541\Debug\Servo Board.a(PWMA.o)
 .debug_frame   0x00000390      0x1dc .\CortexM3\ARM_GCC_541\Debug\Servo Board.a(USBUART.o)
 .debug_frame   0x0000056c      0x27c .\CortexM3\ARM_GCC_541\Debug\Servo Board.a(USBUART_cdc.o)
 .debug_frame   0x000007e8      0x194 .\CortexM3\ARM_GCC_541\Debug\Servo Board.a(USBUART_drv.o)
 .debug_frame   0x0000097c       0x6c .\CortexM3\ARM_GCC_541\Debug\Servo Board.a(USBUART_episr.o)
 .debug_frame   0x000009e8       0xa0 .\CortexM3\ARM_GCC_541\Debug\Servo Board.a(USBUART_hid.o)
 .debug_frame   0x00000a88       0xa0 .\CortexM3\ARM_GCC_541\Debug\Servo Board.a(USBUART_pm.o)
 .debug_frame   0x00000b28      0x17c .\CortexM3\ARM_GCC_541\Debug\Servo Board.a(USBUART_std.o)
 .debug_frame   0x00000ca4       0x2c .\CortexM3\ARM_GCC_541\Debug\Servo Board.a(USBUART_vnd.o)
 .debug_frame   0x00000cd0       0x70 .\CortexM3\ARM_GCC_541\Debug\Servo Board.a(USBUART_Dp.o)
 .debug_frame   0x00000d40      0x754 .\CortexM3\ARM_GCC_541\Debug\Servo Board.a(CyLib.o)
 .debug_frame   0x00001494      0x1f8 .\CortexM3\ARM_GCC_541\Debug\Servo Board.a(cyPm.o)
 .debug_frame   0x0000168c      0x100 .\CortexM3\ARM_GCC_541\Debug\Servo Board.a(CyScBoostClk.o)
 .debug_frame   0x0000178c       0x2c .\CortexM3\ARM_GCC_541\Debug\Servo Board.a(USBUART_cls.o)
 .debug_frame   0x000017b8      0x194 .\CortexM3\ARM_GCC_541\Debug\Servo Board.a(CyFlash.o)
 .debug_frame   0x0000194c      0x180 .\CortexM3\ARM_GCC_541\Debug\Servo Board.a(CySpc.o)
 .debug_frame   0x00001acc       0x20 c:/program files (x86)/cypress/psoc creator/4.2/psoc creator/import/gnu/arm/5.4.1/bin/../lib/gcc/arm-none-eabi/5.4.1/../../../../arm-none-eabi/lib/armv7-m\libg_nano.a(lib_a-errno.o)
 .debug_frame   0x00001aec       0x28 c:/program files (x86)/cypress/psoc creator/4.2/psoc creator/import/gnu/arm/5.4.1/bin/../lib/gcc/arm-none-eabi/5.4.1/../../../../arm-none-eabi/lib/armv7-m\libg_nano.a(lib_a-exit.o)
 .debug_frame   0x00001b14       0x2c c:/program files (x86)/cypress/psoc creator/4.2/psoc creator/import/gnu/arm/5.4.1/bin/../lib/gcc/arm-none-eabi/5.4.1/../../../../arm-none-eabi/lib/armv7-m\libg_nano.a(lib_a-init.o)
 .debug_frame   0x00001b40       0x28 c:/program files (x86)/cypress/psoc creator/4.2/psoc creator/import/gnu/arm/5.4.1/bin/../lib/gcc/arm-none-eabi/5.4.1/../../../../arm-none-eabi/lib/armv7-m\libg_nano.a(lib_a-memcpy-stub.o)
 .debug_frame   0x00001b68       0x20 c:/program files (x86)/cypress/psoc creator/4.2/psoc creator/import/gnu/arm/5.4.1/bin/../lib/gcc/arm-none-eabi/5.4.1/../../../../arm-none-eabi/lib/armv7-m\libg_nano.a(lib_a-memset.o)
 .debug_frame   0x00001b88       0x70 c:/program files (x86)/cypress/psoc creator/4.2/psoc creator/import/gnu/arm/5.4.1/bin/../lib/gcc/arm-none-eabi/5.4.1/../../../../arm-none-eabi/lib/armv7-m\libg_nano.a(lib_a-sprintf.o)
 .debug_frame   0x00001bf8       0x90 c:/program files (x86)/cypress/psoc creator/4.2/psoc creator/import/gnu/arm/5.4.1/bin/../lib/gcc/arm-none-eabi/5.4.1/../../../../arm-none-eabi/lib/armv7-m\libg_nano.a(lib_a-nano-svfprintf.o)
 .debug_frame   0x00001c88       0x60 c:/program files (x86)/cypress/psoc creator/4.2/psoc creator/import/gnu/arm/5.4.1/bin/../lib/gcc/arm-none-eabi/5.4.1/../../../../arm-none-eabi/lib/armv7-m\libg_nano.a(lib_a-nano-vfprintf_i.o)
 .debug_frame   0x00001ce8       0x28 c:/program files (x86)/cypress/psoc creator/4.2/psoc creator/import/gnu/arm/5.4.1/bin/../lib/gcc/arm-none-eabi/5.4.1/../../../../arm-none-eabi/lib/armv7-m\libg_nano.a(lib_a-memchr-stub.o)
 .debug_frame   0x00001d10       0x28 c:/program files (x86)/cypress/psoc creator/4.2/psoc creator/import/gnu/arm/5.4.1/bin/../lib/gcc/arm-none-eabi/5.4.1/../../../../arm-none-eabi/lib/armv7-m\libg_nano.a(lib_a-memmove.o)
 .debug_frame   0x00001d38       0x38 c:/program files (x86)/cypress/psoc creator/4.2/psoc creator/import/gnu/arm/5.4.1/bin/../lib/gcc/arm-none-eabi/5.4.1/../../../../arm-none-eabi/lib/armv7-m\libg_nano.a(lib_a-nano-freer.o)
 .debug_frame   0x00001d70       0x2c c:/program files (x86)/cypress/psoc creator/4.2/psoc creator/import/gnu/arm/5.4.1/bin/../lib/gcc/arm-none-eabi/5.4.1/../../../../arm-none-eabi/lib/armv7-m\libg_nano.a(lib_a-nano-mallocr.o)
 .debug_frame   0x00001d9c       0x3c c:/program files (x86)/cypress/psoc creator/4.2/psoc creator/import/gnu/arm/5.4.1/bin/../lib/gcc/arm-none-eabi/5.4.1/../../../../arm-none-eabi/lib/armv7-m\libg_nano.a(lib_a-nano-reallocr.o)
 .debug_frame   0x00001dd8       0x2c c:/program files (x86)/cypress/psoc creator/4.2/psoc creator/import/gnu/arm/5.4.1/bin/../lib/gcc/arm-none-eabi/5.4.1/../../../../arm-none-eabi/lib/armv7-m\libg_nano.a(lib_a-sbrkr.o)
 .debug_frame   0x00001e04       0x30 c:/program files (x86)/cypress/psoc creator/4.2/psoc creator/import/gnu/arm/5.4.1/bin/../lib/gcc/arm-none-eabi/5.4.1/../../../../arm-none-eabi/lib/armv7-m\libg_nano.a(lib_a-mlock.o)
 .debug_frame   0x00001e34       0x20 c:/program files (x86)/cypress/psoc creator/4.2/psoc creator/import/gnu/arm/5.4.1/bin/../lib/gcc/arm-none-eabi/5.4.1/../../../../arm-none-eabi/lib/armv7-m\libg_nano.a(lib_a-nano-msizer.o)
 .debug_frame   0x00001e54       0x5c c:/program files (x86)/cypress/psoc creator/4.2/psoc creator/import/gnu/arm/5.4.1/bin/../lib/gcc/arm-none-eabi/5.4.1/../../../../arm-none-eabi/lib/armv7-m\libg_nano.a(lib_a-reent.o)

.debug_str      0x00000000     0x29cf
 *(.debug_str)
 .debug_str     0x00000000      0x281 .\CortexM3\ARM_GCC_541\Debug\main.o
                                0x2c9 (size before relaxing)
 .debug_str     0x00000281      0x174 .\CortexM3\ARM_GCC_541\Debug\cyfitter_cfg.o
                                0x2f3 (size before relaxing)
 .debug_str     0x000003f5       0x7f .\CortexM3\ARM_GCC_541\Debug\cymetadata.o
                                0x1c8 (size before relaxing)
 .debug_str     0x00000474      0x144 .\CortexM3\ARM_GCC_541\Debug\Cm3Start.o
                                0x2ee (size before relaxing)
 .debug_str     0x000005b8      0x1dc .\CortexM3\ARM_GCC_541\Debug\Servo Board.a(PWMA.o)
                                0x384 (size before relaxing)
 .debug_str     0x00000794      0x44d .\CortexM3\ARM_GCC_541\Debug\Servo Board.a(USBUART.o)
                                0x662 (size before relaxing)
 .debug_str     0x00000be1      0x4c3 .\CortexM3\ARM_GCC_541\Debug\Servo Board.a(USBUART_cdc.o)
                                0x7b5 (size before relaxing)
 .debug_str     0x000010a4      0x291 .\CortexM3\ARM_GCC_541\Debug\Servo Board.a(USBUART_drv.o)
                                0x62c (size before relaxing)
 .debug_str     0x00001335       0x80 .\CortexM3\ARM_GCC_541\Debug\Servo Board.a(USBUART_episr.o)
                                0x2c3 (size before relaxing)
 .debug_str     0x000013b5      0x13a .\CortexM3\ARM_GCC_541\Debug\Servo Board.a(USBUART_hid.o)
                                0x3e6 (size before relaxing)
 .debug_str     0x000014ef       0xd2 .\CortexM3\ARM_GCC_541\Debug\Servo Board.a(USBUART_pm.o)
                                0x2d4 (size before relaxing)
 .debug_str     0x000015c1      0x24d .\CortexM3\ARM_GCC_541\Debug\Servo Board.a(USBUART_std.o)
                                0x7b3 (size before relaxing)
 .debug_str     0x0000180e       0x46 .\CortexM3\ARM_GCC_541\Debug\Servo Board.a(USBUART_vnd.o)
                                0x273 (size before relaxing)
 .debug_str     0x00001854       0xa4 .\CortexM3\ARM_GCC_541\Debug\Servo Board.a(USBUART_Dp.o)
                                0x225 (size before relaxing)
 .debug_str     0x000018f8      0x80d .\CortexM3\ARM_GCC_541\Debug\Servo Board.a(CyLib.o)
                                0xa74 (size before relaxing)
 .debug_str     0x00002105      0x365 .\CortexM3\ARM_GCC_541\Debug\Servo Board.a(cyPm.o)
                                0x717 (size before relaxing)
 .debug_str     0x0000246a      0x1be .\CortexM3\ARM_GCC_541\Debug\Servo Board.a(CyScBoostClk.o)
                                0x353 (size before relaxing)
 .debug_str     0x00002628       0x25 .\CortexM3\ARM_GCC_541\Debug\Servo Board.a(USBUART_cls.o)
                                0x2ad (size before relaxing)
 .debug_str     0x0000264d      0x122 .\CortexM3\ARM_GCC_541\Debug\Servo Board.a(USBUART_descr.o)
                                0x394 (size before relaxing)
 .debug_str     0x0000276f      0x1b4 .\CortexM3\ARM_GCC_541\Debug\Servo Board.a(CyFlash.o)
                                0x3a4 (size before relaxing)
 .debug_str     0x00002923       0xac .\CortexM3\ARM_GCC_541\Debug\Servo Board.a(CySpc.o)
                                0x31c (size before relaxing)

.debug_loc      0x00000000     0x3495
 *(.debug_loc)
 .debug_loc     0x00000000      0x1d7 .\CortexM3\ARM_GCC_541\Debug\cyfitter_cfg.o
 .debug_loc     0x000001d7      0x144 .\CortexM3\ARM_GCC_541\Debug\Cm3Start.o
 .debug_loc     0x0000031b       0x47 .\CortexM3\ARM_GCC_541\Debug\Servo Board.a(PWMA.o)
 .debug_loc     0x00000362      0x435 .\CortexM3\ARM_GCC_541\Debug\Servo Board.a(USBUART.o)
 .debug_loc     0x00000797      0x557 .\CortexM3\ARM_GCC_541\Debug\Servo Board.a(USBUART_cdc.o)
 .debug_loc     0x00000cee      0x171 .\CortexM3\ARM_GCC_541\Debug\Servo Board.a(USBUART_drv.o)
 .debug_loc     0x00000e5f      0x397 .\CortexM3\ARM_GCC_541\Debug\Servo Board.a(USBUART_hid.o)
 .debug_loc     0x000011f6       0x26 .\CortexM3\ARM_GCC_541\Debug\Servo Board.a(USBUART_pm.o)
 .debug_loc     0x0000121c      0x93a .\CortexM3\ARM_GCC_541\Debug\Servo Board.a(USBUART_std.o)
 .debug_loc     0x00001b56       0x36 .\CortexM3\ARM_GCC_541\Debug\Servo Board.a(USBUART_vnd.o)
 .debug_loc     0x00001b8c       0x84 .\CortexM3\ARM_GCC_541\Debug\Servo Board.a(USBUART_Dp.o)
 .debug_loc     0x00001c10      0xa4b .\CortexM3\ARM_GCC_541\Debug\Servo Board.a(CyLib.o)
 .debug_loc     0x0000265b      0x1e4 .\CortexM3\ARM_GCC_541\Debug\Servo Board.a(cyPm.o)
 .debug_loc     0x0000283f      0x14d .\CortexM3\ARM_GCC_541\Debug\Servo Board.a(CyScBoostClk.o)
 .debug_loc     0x0000298c       0x52 .\CortexM3\ARM_GCC_541\Debug\Servo Board.a(USBUART_cls.o)
 .debug_loc     0x000029de      0x3b2 .\CortexM3\ARM_GCC_541\Debug\Servo Board.a(CyFlash.o)
 .debug_loc     0x00002d90      0x705 .\CortexM3\ARM_GCC_541\Debug\Servo Board.a(CySpc.o)

.debug_macinfo
 *(.debug_macinfo)

.debug_ranges   0x00000000      0x958
 *(.debug_ranges)
 .debug_ranges  0x00000000       0x28 .\CortexM3\ARM_GCC_541\Debug\main.o
 .debug_ranges  0x00000028       0x48 .\CortexM3\ARM_GCC_541\Debug\cyfitter_cfg.o
 .debug_ranges  0x00000070       0x38 .\CortexM3\ARM_GCC_541\Debug\Cm3Start.o
 .debug_ranges  0x000000a8       0xa8 .\CortexM3\ARM_GCC_541\Debug\Servo Board.a(PWMA.o)
 .debug_ranges  0x00000150       0xd0 .\CortexM3\ARM_GCC_541\Debug\Servo Board.a(USBUART.o)
 .debug_ranges  0x00000220       0xd8 .\CortexM3\ARM_GCC_541\Debug\Servo Board.a(USBUART_cdc.o)
 .debug_ranges  0x000002f8       0x88 .\CortexM3\ARM_GCC_541\Debug\Servo Board.a(USBUART_drv.o)
 .debug_ranges  0x00000380       0x30 .\CortexM3\ARM_GCC_541\Debug\Servo Board.a(USBUART_episr.o)
 .debug_ranges  0x000003b0       0x38 .\CortexM3\ARM_GCC_541\Debug\Servo Board.a(USBUART_hid.o)
 .debug_ranges  0x000003e8       0x30 .\CortexM3\ARM_GCC_541\Debug\Servo Board.a(USBUART_pm.o)
 .debug_ranges  0x00000418       0x70 .\CortexM3\ARM_GCC_541\Debug\Servo Board.a(USBUART_std.o)
 .debug_ranges  0x00000488       0x10 .\CortexM3\ARM_GCC_541\Debug\Servo Board.a(USBUART_vnd.o)
 .debug_ranges  0x00000498       0x38 .\CortexM3\ARM_GCC_541\Debug\Servo Board.a(USBUART_Dp.o)
 .debug_ranges  0x000004d0      0x298 .\CortexM3\ARM_GCC_541\Debug\Servo Board.a(CyLib.o)
 .debug_ranges  0x00000768       0x88 .\CortexM3\ARM_GCC_541\Debug\Servo Board.a(cyPm.o)
 .debug_ranges  0x000007f0       0x70 .\CortexM3\ARM_GCC_541\Debug\Servo Board.a(CyScBoostClk.o)
 .debug_ranges  0x00000860       0x10 .\CortexM3\ARM_GCC_541\Debug\Servo Board.a(USBUART_cls.o)
 .debug_ranges  0x00000870       0x78 .\CortexM3\ARM_GCC_541\Debug\Servo Board.a(CyFlash.o)
 .debug_ranges  0x000008e8       0x70 .\CortexM3\ARM_GCC_541\Debug\Servo Board.a(CySpc.o)

.comment        0x00000000       0x6e
 .comment       0x00000000       0x6e .\CortexM3\ARM_GCC_541\Debug\main.o
                                 0x6f (size before relaxing)
 .comment       0x0000006e       0x6f .\CortexM3\ARM_GCC_541\Debug\cyfitter_cfg.o
 .comment       0x0000006e       0x6f .\CortexM3\ARM_GCC_541\Debug\cymetadata.o
 .comment       0x0000006e       0x6f .\CortexM3\ARM_GCC_541\Debug\Cm3Start.o
 .comment       0x0000006e       0x6f .\CortexM3\ARM_GCC_541\Debug\Servo Board.a(PWMA.o)
 .comment       0x0000006e       0x6f .\CortexM3\ARM_GCC_541\Debug\Servo Board.a(USBUART.o)
 .comment       0x0000006e       0x6f .\CortexM3\ARM_GCC_541\Debug\Servo Board.a(USBUART_cdc.o)
 .comment       0x0000006e       0x6f .\CortexM3\ARM_GCC_541\Debug\Servo Board.a(USBUART_drv.o)
 .comment       0x0000006e       0x6f .\CortexM3\ARM_GCC_541\Debug\Servo Board.a(USBUART_episr.o)
 .comment       0x0000006e       0x6f .\CortexM3\ARM_GCC_541\Debug\Servo Board.a(USBUART_hid.o)
 .comment       0x0000006e       0x6f .\CortexM3\ARM_GCC_541\Debug\Servo Board.a(USBUART_pm.o)
 .comment       0x0000006e       0x6f .\CortexM3\ARM_GCC_541\Debug\Servo Board.a(USBUART_std.o)
 .comment       0x0000006e       0x6f .\CortexM3\ARM_GCC_541\Debug\Servo Board.a(USBUART_vnd.o)
 .comment       0x0000006e       0x6f .\CortexM3\ARM_GCC_541\Debug\Servo Board.a(USBUART_Dp.o)
 .comment       0x0000006e       0x6f .\CortexM3\ARM_GCC_541\Debug\Servo Board.a(CyLib.o)
 .comment       0x0000006e       0x6f .\CortexM3\ARM_GCC_541\Debug\Servo Board.a(cyPm.o)
 .comment       0x0000006e       0x6f .\CortexM3\ARM_GCC_541\Debug\Servo Board.a(CyScBoostClk.o)
 .comment       0x0000006e       0x6f .\CortexM3\ARM_GCC_541\Debug\Servo Board.a(USBUART_cls.o)
 .comment       0x0000006e       0x6f .\CortexM3\ARM_GCC_541\Debug\Servo Board.a(USBUART_descr.o)
 .comment       0x0000006e       0x6f .\CortexM3\ARM_GCC_541\Debug\Servo Board.a(CyFlash.o)
 .comment       0x0000006e       0x6f .\CortexM3\ARM_GCC_541\Debug\Servo Board.a(CySpc.o)

.debug_weaknames
 *(.debug_weaknames)

.debug_funcnames
 *(.debug_funcnames)

.debug_typenames
 *(.debug_typenames)

.debug_varnames
 *(.debug_varnames)

.note.gnu.arm.ident
 *(.note.gnu.arm.ident)

.ARM.attributes
                0x00000000       0x29
 *(.ARM.attributes)
 .ARM.attributes
                0x00000000       0x1d c:/program files (x86)/cypress/psoc creator/4.2/psoc creator/import/gnu/arm/5.4.1/bin/../lib/gcc/arm-none-eabi/5.4.1/armv7-m/crti.o
 .ARM.attributes
                0x0000001d       0x2d c:/program files (x86)/cypress/psoc creator/4.2/psoc creator/import/gnu/arm/5.4.1/bin/../lib/gcc/arm-none-eabi/5.4.1/armv7-m/crtbegin.o
 .ARM.attributes
                0x0000004a       0x1b c:/program files (x86)/cypress/psoc creator/4.2/psoc creator/import/gnu/arm/5.4.1/bin/../lib/gcc/arm-none-eabi/5.4.1/../../../../arm-none-eabi/lib/armv7-m/crt0.o
 .ARM.attributes
                0x00000065       0x33 .\CortexM3\ARM_GCC_541\Debug\main.o
 .ARM.attributes
                0x00000098       0x33 .\CortexM3\ARM_GCC_541\Debug\cyfitter_cfg.o
 .ARM.attributes
                0x000000cb       0x33 .\CortexM3\ARM_GCC_541\Debug\cymetadata.o
 .ARM.attributes
                0x000000fe       0x33 .\CortexM3\ARM_GCC_541\Debug\Cm3Start.o
 .ARM.attributes
                0x00000131       0x33 .\CortexM3\ARM_GCC_541\Debug\Servo Board.a(PWMA.o)
 .ARM.attributes
                0x00000164       0x33 .\CortexM3\ARM_GCC_541\Debug\Servo Board.a(USBUART.o)
 .ARM.attributes
                0x00000197       0x33 .\CortexM3\ARM_GCC_541\Debug\Servo Board.a(USBUART_cdc.o)
 .ARM.attributes
                0x000001ca       0x33 .\CortexM3\ARM_GCC_541\Debug\Servo Board.a(USBUART_drv.o)
 .ARM.attributes
                0x000001fd       0x33 .\CortexM3\ARM_GCC_541\Debug\Servo Board.a(USBUART_episr.o)
 .ARM.attributes
                0x00000230       0x33 .\CortexM3\ARM_GCC_541\Debug\Servo Board.a(USBUART_hid.o)
 .ARM.attributes
                0x00000263       0x33 .\CortexM3\ARM_GCC_541\Debug\Servo Board.a(USBUART_pm.o)
 .ARM.attributes
                0x00000296       0x33 .\CortexM3\ARM_GCC_541\Debug\Servo Board.a(USBUART_std.o)
 .ARM.attributes
                0x000002c9       0x33 .\CortexM3\ARM_GCC_541\Debug\Servo Board.a(USBUART_vnd.o)
 .ARM.attributes
                0x000002fc       0x33 .\CortexM3\ARM_GCC_541\Debug\Servo Board.a(USBUART_Dp.o)
 .ARM.attributes
                0x0000032f       0x33 .\CortexM3\ARM_GCC_541\Debug\Servo Board.a(CyLib.o)
 .ARM.attributes
                0x00000362       0x33 .\CortexM3\ARM_GCC_541\Debug\Servo Board.a(cyPm.o)
 .ARM.attributes
                0x00000395       0x21 .\CortexM3\ARM_GCC_541\Debug\Servo Board.a(CyBootAsmGnu.o)
 .ARM.attributes
                0x000003b6       0x33 .\CortexM3\ARM_GCC_541\Debug\Servo Board.a(CyScBoostClk.o)
 .ARM.attributes
                0x000003e9       0x33 .\CortexM3\ARM_GCC_541\Debug\Servo Board.a(USBUART_cls.o)
 .ARM.attributes
                0x0000041c       0x33 .\CortexM3\ARM_GCC_541\Debug\Servo Board.a(USBUART_descr.o)
 .ARM.attributes
                0x0000044f       0x33 .\CortexM3\ARM_GCC_541\Debug\Servo Board.a(CyFlash.o)
 .ARM.attributes
                0x00000482       0x33 .\CortexM3\ARM_GCC_541\Debug\Servo Board.a(CySpc.o)
 .ARM.attributes
                0x000004b5       0x1d c:/program files (x86)/cypress/psoc creator/4.2/psoc creator/import/gnu/arm/5.4.1/bin/../lib/gcc/arm-none-eabi/5.4.1/armv7-m\libgcc.a(_arm_addsubdf3.o)
 .ARM.attributes
                0x000004d2       0x1d c:/program files (x86)/cypress/psoc creator/4.2/psoc creator/import/gnu/arm/5.4.1/bin/../lib/gcc/arm-none-eabi/5.4.1/armv7-m\libgcc.a(_arm_muldivdf3.o)
 .ARM.attributes
                0x000004ef       0x1d c:/program files (x86)/cypress/psoc creator/4.2/psoc creator/import/gnu/arm/5.4.1/bin/../lib/gcc/arm-none-eabi/5.4.1/armv7-m\libgcc.a(_arm_fixdfsi.o)
 .ARM.attributes
                0x0000050c       0x2d c:/program files (x86)/cypress/psoc creator/4.2/psoc creator/import/gnu/arm/5.4.1/bin/../lib/gcc/arm-none-eabi/5.4.1/../../../../arm-none-eabi/lib/armv7-m\libg_nano.a(lib_a-errno.o)
 .ARM.attributes
                0x00000539       0x2d c:/program files (x86)/cypress/psoc creator/4.2/psoc creator/import/gnu/arm/5.4.1/bin/../lib/gcc/arm-none-eabi/5.4.1/../../../../arm-none-eabi/lib/armv7-m\libg_nano.a(lib_a-exit.o)
 .ARM.attributes
                0x00000566       0x2d c:/program files (x86)/cypress/psoc creator/4.2/psoc creator/import/gnu/arm/5.4.1/bin/../lib/gcc/arm-none-eabi/5.4.1/../../../../arm-none-eabi/lib/armv7-m\libg_nano.a(lib_a-impure.o)
 .ARM.attributes
                0x00000593       0x2d c:/program files (x86)/cypress/psoc creator/4.2/psoc creator/import/gnu/arm/5.4.1/bin/../lib/gcc/arm-none-eabi/5.4.1/../../../../arm-none-eabi/lib/armv7-m\libg_nano.a(lib_a-init.o)
 .ARM.attributes
                0x000005c0       0x2d c:/program files (x86)/cypress/psoc creator/4.2/psoc creator/import/gnu/arm/5.4.1/bin/../lib/gcc/arm-none-eabi/5.4.1/../../../../arm-none-eabi/lib/armv7-m\libg_nano.a(lib_a-memcpy-stub.o)
 .ARM.attributes
                0x000005ed       0x2d c:/program files (x86)/cypress/psoc creator/4.2/psoc creator/import/gnu/arm/5.4.1/bin/../lib/gcc/arm-none-eabi/5.4.1/../../../../arm-none-eabi/lib/armv7-m\libg_nano.a(lib_a-memset.o)
 .ARM.attributes
                0x0000061a       0x2d c:/program files (x86)/cypress/psoc creator/4.2/psoc creator/import/gnu/arm/5.4.1/bin/../lib/gcc/arm-none-eabi/5.4.1/../../../../arm-none-eabi/lib/armv7-m\libg_nano.a(lib_a-sprintf.o)
 .ARM.attributes
                0x00000647       0x2d c:/program files (x86)/cypress/psoc creator/4.2/psoc creator/import/gnu/arm/5.4.1/bin/../lib/gcc/arm-none-eabi/5.4.1/../../../../arm-none-eabi/lib/armv7-m\libg_nano.a(lib_a-nano-svfprintf.o)
 .ARM.attributes
                0x00000674       0x2d c:/program files (x86)/cypress/psoc creator/4.2/psoc creator/import/gnu/arm/5.4.1/bin/../lib/gcc/arm-none-eabi/5.4.1/../../../../arm-none-eabi/lib/armv7-m\libg_nano.a(lib_a-nano-vfprintf_i.o)
 .ARM.attributes
                0x000006a1       0x2d c:/program files (x86)/cypress/psoc creator/4.2/psoc creator/import/gnu/arm/5.4.1/bin/../lib/gcc/arm-none-eabi/5.4.1/../../../../arm-none-eabi/lib/armv7-m\libg_nano.a(lib_a-memchr-stub.o)
 .ARM.attributes
                0x000006ce       0x2d c:/program files (x86)/cypress/psoc creator/4.2/psoc creator/import/gnu/arm/5.4.1/bin/../lib/gcc/arm-none-eabi/5.4.1/../../../../arm-none-eabi/lib/armv7-m\libg_nano.a(lib_a-memmove.o)
 .ARM.attributes
                0x000006fb       0x2d c:/program files (x86)/cypress/psoc creator/4.2/psoc creator/import/gnu/arm/5.4.1/bin/../lib/gcc/arm-none-eabi/5.4.1/../../../../arm-none-eabi/lib/armv7-m\libg_nano.a(lib_a-nano-freer.o)
 .ARM.attributes
                0x00000728       0x2d c:/program files (x86)/cypress/psoc creator/4.2/psoc creator/import/gnu/arm/5.4.1/bin/../lib/gcc/arm-none-eabi/5.4.1/../../../../arm-none-eabi/lib/armv7-m\libg_nano.a(lib_a-nano-mallocr.o)
 .ARM.attributes
                0x00000755       0x2d c:/program files (x86)/cypress/psoc creator/4.2/psoc creator/import/gnu/arm/5.4.1/bin/../lib/gcc/arm-none-eabi/5.4.1/../../../../arm-none-eabi/lib/armv7-m\libg_nano.a(lib_a-nano-reallocr.o)
 .ARM.attributes
                0x00000782       0x2d c:/program files (x86)/cypress/psoc creator/4.2/psoc creator/import/gnu/arm/5.4.1/bin/../lib/gcc/arm-none-eabi/5.4.1/../../../../arm-none-eabi/lib/armv7-m\libg_nano.a(lib_a-sbrkr.o)
 .ARM.attributes
                0x000007af       0x2d c:/program files (x86)/cypress/psoc creator/4.2/psoc creator/import/gnu/arm/5.4.1/bin/../lib/gcc/arm-none-eabi/5.4.1/../../../../arm-none-eabi/lib/armv7-m\libg_nano.a(lib_a-mlock.o)
 .ARM.attributes
                0x000007dc       0x2d c:/program files (x86)/cypress/psoc creator/4.2/psoc creator/import/gnu/arm/5.4.1/bin/../lib/gcc/arm-none-eabi/5.4.1/../../../../arm-none-eabi/lib/armv7-m\libg_nano.a(lib_a-nano-msizer.o)
 .ARM.attributes
                0x00000809       0x2d c:/program files (x86)/cypress/psoc creator/4.2/psoc creator/import/gnu/arm/5.4.1/bin/../lib/gcc/arm-none-eabi/5.4.1/../../../../arm-none-eabi/lib/armv7-m\libg_nano.a(lib_a-reent.o)
 .ARM.attributes
                0x00000836       0x2d c:/program files (x86)/cypress/psoc creator/4.2/psoc creator/import/gnu/arm/5.4.1/bin/../lib/gcc/arm-none-eabi/5.4.1/armv7-m/crtend.o
 .ARM.attributes
                0x00000863       0x1d c:/program files (x86)/cypress/psoc creator/4.2/psoc creator/import/gnu/arm/5.4.1/bin/../lib/gcc/arm-none-eabi/5.4.1/armv7-m/crtn.o

/DISCARD/
 *(.note.GNU-stack)
OUTPUT(S:\SpiderBot\Servos\Servo Board.cydsn\CortexM3\ARM_GCC_541\Debug\Servo Board.elf elf32-littlearm)
